// Jest Snapshot v1, https://goo.gl/fbAQLP

exports[`Settings page should take snapshot of loaded page and add new domain 1`] = `
<div>
  <main
    class="sc-1ehavxz-0 dDyhBJ"
  >
    <div
      class="sc-h70dbj-0 fQmYvl row expanded space-between align-center marginBottom-2"
    >
      <div
        class="sc-w8e7z6-2"
      >
        <h3
          class="sc-1ntgl3l-0 kcLBOi sc-w8e7z6-0 ibnmt"
          textalign="initial"
          textcolor="inherit"
          textvariant="h3"
          textweight="Medium"
        >
          Settings
        </h3>
      </div>
    </div>
    <div
      class="sc-1porr9n-0 sc-1porr9n-10 gWazlW dhgDFT"
    >
      <div
        class="sc-1porr9n-1 cnhRJl"
      >
        <h4
          class="sc-1ntgl3l-0 fgmHgf sc-1porr9n-8 iWBSaF"
          textalign="initial"
          textcolor="inherit"
          textvariant="h4"
          textweight="Regular"
        >
          General Settings
        </h4>
        <div
          class="sc-tkiih6-29 sc-1porr9n-9 fWtWBE ldQZxM"
        >
          <div
            class="sc-12atfcu-3 hixidz"
            id="manager-response-mandatory-for-manager-review:-"
            labelposition="left"
          >
            <label
              class="sc-975cgx-0 aFzmi sc-12atfcu-1 gBASdL"
              for="manager-response-mandatory-for-manager-review:-"
              labelposition="left"
              labelvariant="h4"
              labelweight="Regular"
            >
              Manager Response Mandatory for Manager Review: 
            </label>
            <div
              class="sc-12atfcu-0 sc-1oxfop0-0 hjFLkE hzRUNj"
            >
              <input
                class="sc-1oxfop0-5 kOEioh sc-tkiih6-30"
                data-testid="toggleManagerReview"
                id="manager-response-mandatory-for-manager-review:-"
                type="checkbox"
              />
              <div
                class="sc-1oxfop0-1 kTppyc"
              >
                <div
                  class="sc-1oxfop0-4 fOqcXx"
                />
              </div>
            </div>
          </div>
        </div>
        <div
          class="sc-tkiih6-29 sc-1porr9n-9 fWtWBE ldQZxM"
        >
          <div
            class="sc-12atfcu-3 hixidz"
            id="employees-can-submit-suggestions-anonymously:-"
            labelposition="left"
          >
            <label
              class="sc-975cgx-0 aFzmi sc-12atfcu-1 gBASdL"
              for="employees-can-submit-suggestions-anonymously:-"
              labelposition="left"
              labelvariant="h4"
              labelweight="Regular"
            >
              Employees can submit suggestions Anonymously: 
            </label>
            <div
              class="sc-12atfcu-0 sc-1oxfop0-0 hjFLkE hzRUNj"
            >
              <input
                class="sc-1oxfop0-5 kOEioh sc-tkiih6-30"
                data-testid="toggleAnonymousSuggestion"
                id="employees-can-submit-suggestions-anonymously:-"
                type="checkbox"
              />
              <div
                class="sc-1oxfop0-1 kTppyc"
              >
                <div
                  class="sc-1oxfop0-4 fOqcXx"
                />
              </div>
            </div>
          </div>
        </div>
        <div
          class="sc-tkiih6-29 sc-1porr9n-9 fWtWBE ldQZxM"
        >
          <div
            class="sc-12atfcu-3 hixidz"
            id="send-bi-weekly-feedback-reminders-to-slack-channel:-"
            labelposition="left"
          >
            <label
              class="sc-975cgx-0 aFzmi sc-12atfcu-1 gBASdL"
              for="send-bi-weekly-feedback-reminders-to-slack-channel:-"
              labelposition="left"
              labelvariant="h4"
              labelweight="Regular"
            >
              Send Bi-weekly feedback reminders to slack channel: 
            </label>
            <div
              class="sc-12atfcu-0 sc-1oxfop0-0 hjFLkE hzRUNj"
            >
              <input
                checked=""
                class="sc-1oxfop0-5 kOEioh sc-tkiih6-30"
                data-testid="isBiWeeklyFeedbackReminderEnabled"
                id="send-bi-weekly-feedback-reminders-to-slack-channel:-"
                type="checkbox"
              />
              <div
                class="sc-1oxfop0-1 kTppyc"
              >
                <div
                  class="sc-1oxfop0-4 fOqcXx"
                />
              </div>
            </div>
          </div>
        </div>
      </div>
      <div
        class="sc-murh6i-6 sc-1porr9n-7 fyeShk ehPJrx"
      >
        <div
          class="sc-1porr9n-2 dsAHql"
        >
          <svg
            class="sc-1pf3x8a-0 kuVwQe"
            fill="none"
            height="1em"
            viewBox="0 0 24 24"
            width="1em"
            xmlns="http://www.w3.org/2000/svg"
          >
            <path
              clip-rule="evenodd"
              d="M18 4h1c1.1 0 2 .9 2 2v14c0 1.1-.9 2-2 2H5a2 2 0 0 1-2-2V6a2 2 0 0 1 2-2h1V3c0-.55.45-1 1-1s1 .45 1 1v1h8V3c0-.55.45-1 1-1s1 .45 1 1v1zM8 11h8c.55 0 1 .45 1 1s-.45 1-1 1H8c-.55 0-1-.45-1-1s.45-1 1-1zm10 9H6c-.55 0-1-.45-1-1V9h14v10c0 .55-.45 1-1 1zM8 15h5c.55 0 1 .45 1 1s-.45 1-1 1H8c-.55 0-1-.45-1-1s.45-1 1-1z"
              fill="#000"
              fill-opacity=".54"
              fill-rule="evenodd"
            />
          </svg>
          <h3
            class="sc-1ntgl3l-0 lhJlYH sc-tkiih6-22 isRtxH"
            textalign="initial"
            textcolor="inherit"
            textvariant="h3"
            textweight="Strong"
          >
            Notes
          </h3>
        </div>
        <ul
          class="sc-1xeus4s-1 hIctrP"
        >
          <li
            class="sc-1xeus4s-2 jIFqE"
          >
            <span
              class="sc-1ntgl3l-0 hGagSU"
              style="font-size: 14px;"
              textalign="initial"
              textcolor="inherit"
            >
              <strong>
                Manager Response Mandatory:
              </strong>
               When enabled, managers must provide both a review and a rating during the review process. If disabled, only a rating is required during the review process.
            </span>
          </li>
          <li
            class="sc-1xeus4s-2 jIFqE"
          >
            <span
              class="sc-1ntgl3l-0 hGagSU"
              style="font-size: 14px;"
              textalign="initial"
              textcolor="inherit"
            >
              <strong>
                Anonymous Suggestions:
              </strong>
               When enabled, employees have the option to submit their suggestions/feedback to Suggestion Box anonymously, ensuring privacy and encouraging open feedback.
            </span>
          </li>
          <li
            class="sc-1xeus4s-2 jIFqE"
          >
            <span
              class="sc-1ntgl3l-0 hGagSU"
              style="font-size: 14px;"
              textalign="initial"
              textcolor="inherit"
            >
              <strong>
                Bi-weekly reminders:
              </strong>
               When enabled, reminders will be sent to the integrated slack channel every alternate Monday at 12 pm to share feedback and keep 1:1 conversations active.
            </span>
          </li>
        </ul>
      </div>
    </div>
    <div
      class="sc-1porr9n-0 gWazlW"
    >
      <div
        class="sc-1porr9n-1 cnhRJl"
      >
        <h4
          class="sc-1ntgl3l-0 fgmHgf sc-1porr9n-8 iWBSaF"
          textalign="initial"
          textcolor="inherit"
          textvariant="h4"
          textweight="Regular"
        >
          Allowed Domains
        </h4>
        <div
          class="sc-1porr9n-3 dHaVtv"
        >
          <div
            class="sc-17d4s39-0 bCCAZW sc-1porr9n-4 lfbpYT"
            id="medly-textField-input-wrapper"
            minwidth="20rem"
          >
            <div
              class="sc-19px6zp-0 UwvIf"
              disabled=""
              filled="[object Object]"
              fusion="[object Object]"
              minrows="1"
              outlined="[object Object]"
              textvariant="[object Object]"
              variant="outlined"
            >
              <div
                class="sc-lhr232-0 btNOKw"
                variant="outlined"
              >
                <input
                  aria-describedby="medly-textField-helper-text"
                  class="sc-hb99wz-0 jaEbhp"
                  data-testid="domain"
                  disabled=""
                  errortext=""
                  id="medly-textField-input"
                  inputsize="M"
                  name="name"
                  placeholder=" "
                  type="text"
                  value="@test.com"
                  variant="outlined"
                />
                <label
                  class="sc-1du51u0-0 eMZrST"
                  for="medly-textField-input"
                  inputwidth="0"
                  variant="outlined"
                >
                  Domain Name
                </label>
              </div>
            </div>
            
          </div>
        </div>
        <div
          class="sc-1porr9n-3 dHaVtv"
        >
          <div
            class="sc-17d4s39-0 bCCAZW sc-1porr9n-4 lfbpYT"
            id="medly-textField-input-wrapper"
            minwidth="20rem"
          >
            <div
              class="sc-19px6zp-0 UwvIf"
              disabled=""
              filled="[object Object]"
              fusion="[object Object]"
              minrows="1"
              outlined="[object Object]"
              textvariant="[object Object]"
              variant="outlined"
            >
              <div
                class="sc-lhr232-0 btNOKw"
                variant="outlined"
              >
                <input
                  aria-describedby="medly-textField-helper-text"
                  class="sc-hb99wz-0 jaEbhp"
                  data-testid="domain"
                  disabled=""
                  errortext=""
                  id="medly-textField-input"
                  inputsize="M"
                  name="name"
                  placeholder=" "
                  type="text"
                  value="@gmail.com"
                  variant="outlined"
                />
                <label
                  class="sc-1du51u0-0 eMZrST"
                  for="medly-textField-input"
                  inputwidth="0"
                  variant="outlined"
                >
                  Domain Name
                </label>
              </div>
            </div>
            
          </div>
          <button
            class="sc-tz4tqh-13 dgQxHm"
            title=""
          >
            <svg
              class="sc-1pf3x8a-0 cKNfEU"
              data-testid="deleteDomainButton"
              fill="none"
              height="1em"
              viewBox="0 0 24 24"
              width="1em"
              xmlns="http://www.w3.org/2000/svg"
            >
              <path
                clip-rule="evenodd"
                d="M14.79 3.29l.71.71H18c.55 0 1 .45 1 1s-.45 1-1 1H6c-.55 0-1-.45-1-1s.45-1 1-1h2.5l.71-.71c.18-.18.44-.29.7-.29h4.18c.26 0 .52.11.7.29zM6 19c0 1.1.9 2 2 2h8c1.1 0 2-.9 2-2V9c0-1.1-.9-2-2-2H8c-1.1 0-2 .9-2 2v10zm3.17-7.83a.996.996 0 0 1 1.41 0L12 12.59l1.42-1.42a.996.996 0 1 1 1.41 1.41L13.41 14l1.42 1.42a.996.996 0 1 1-1.41 1.41L12 15.41l-1.42 1.42a.996.996 0 1 1-1.41-1.41L10.59 14l-1.42-1.42a.996.996 0 0 1 0-1.41z"
                fill="#000"
                fill-opacity=".54"
                fill-rule="evenodd"
              />
            </svg>
          </button>
        </div>
        <div
          class="sc-1porr9n-3 dHaVtv"
        >
          <div
            class="sc-17d4s39-0 bCCAZW sc-1porr9n-4 lfbpYT"
            id="medly-textField-input-wrapper"
            minwidth="20rem"
          >
            <div
              class="sc-19px6zp-0 UwvIf"
              disabled=""
              filled="[object Object]"
              fusion="[object Object]"
              minrows="1"
              outlined="[object Object]"
              textvariant="[object Object]"
              variant="outlined"
            >
              <div
                class="sc-lhr232-0 btNOKw"
                variant="outlined"
              >
                <input
                  aria-describedby="medly-textField-helper-text"
                  class="sc-hb99wz-0 jaEbhp"
                  data-testid="domain"
                  disabled=""
                  errortext=""
                  id="medly-textField-input"
                  inputsize="M"
                  name="name"
                  placeholder=" "
                  type="text"
                  value="@scalereal.com"
                  variant="outlined"
                />
                <label
                  class="sc-1du51u0-0 eMZrST"
                  for="medly-textField-input"
                  inputwidth="0"
                  variant="outlined"
                >
                  Domain Name
                </label>
              </div>
            </div>
            
          </div>
          <button
            class="sc-tz4tqh-13 dgQxHm"
            title=""
          >
            <svg
              class="sc-1pf3x8a-0 cKNfEU"
              data-testid="deleteDomainButton"
              fill="none"
              height="1em"
              viewBox="0 0 24 24"
              width="1em"
              xmlns="http://www.w3.org/2000/svg"
            >
              <path
                clip-rule="evenodd"
                d="M14.79 3.29l.71.71H18c.55 0 1 .45 1 1s-.45 1-1 1H6c-.55 0-1-.45-1-1s.45-1 1-1h2.5l.71-.71c.18-.18.44-.29.7-.29h4.18c.26 0 .52.11.7.29zM6 19c0 1.1.9 2 2 2h8c1.1 0 2-.9 2-2V9c0-1.1-.9-2-2-2H8c-1.1 0-2 .9-2 2v10zm3.17-7.83a.996.996 0 0 1 1.41 0L12 12.59l1.42-1.42a.996.996 0 1 1 1.41 1.41L13.41 14l1.42 1.42a.996.996 0 1 1-1.41 1.41L12 15.41l-1.42 1.42a.996.996 0 1 1-1.41-1.41L10.59 14l-1.42-1.42a.996.996 0 0 1 0-1.41z"
                fill="#000"
                fill-opacity=".54"
                fill-rule="evenodd"
              />
            </svg>
          </button>
        </div>
        <div
          class="sc-1nys386-13"
        >
          <h4
            class="sc-1ntgl3l-0 igfIhV sc-1porr9n-5 gquEcb"
            textalign="center"
            textcolor="inherit"
            textvariant="h4"
          >
            + Add Domain
          </h4>
        </div>
        <div
          class="sc-1porr9n-6 hyKqtN"
        >
          <button
            class="sc-1k2druj-0 eLgfbc"
            disabled=""
            edges="square"
            type="button"
            variant="solid"
          >
            <span
              class="sc-1ntgl3l-0 eOsHHD"
              textalign="initial"
              textcolor="inherit"
              textvariant="button1"
            >
              Save
            </span>
          </button>
        </div>
      </div>
      <div
        class="sc-murh6i-6 sc-1porr9n-7 fyeShk ehPJrx"
      >
        <div
          class="sc-1porr9n-2 dsAHql"
        >
          <svg
            class="sc-1pf3x8a-0 kuVwQe"
            fill="none"
            height="1em"
            viewBox="0 0 24 24"
            width="1em"
            xmlns="http://www.w3.org/2000/svg"
          >
            <path
              clip-rule="evenodd"
              d="M18 4h1c1.1 0 2 .9 2 2v14c0 1.1-.9 2-2 2H5a2 2 0 0 1-2-2V6a2 2 0 0 1 2-2h1V3c0-.55.45-1 1-1s1 .45 1 1v1h8V3c0-.55.45-1 1-1s1 .45 1 1v1zM8 11h8c.55 0 1 .45 1 1s-.45 1-1 1H8c-.55 0-1-.45-1-1s.45-1 1-1zm10 9H6c-.55 0-1-.45-1-1V9h14v10c0 .55-.45 1-1 1zM8 15h5c.55 0 1 .45 1 1s-.45 1-1 1H8c-.55 0-1-.45-1-1s.45-1 1-1z"
              fill="#000"
              fill-opacity=".54"
              fill-rule="evenodd"
            />
          </svg>
          <h3
            class="sc-1ntgl3l-0 lhJlYH sc-tkiih6-22 isRtxH"
            textalign="initial"
            textcolor="inherit"
            textvariant="h3"
            textweight="Strong"
          >
            Notes
          </h3>
        </div>
        <span
          class="sc-1ntgl3l-0 hGagSU"
          style="padding-top: 10px; font-size: 14px;"
          textalign="initial"
          textcolor="inherit"
        >
          <strong>
            Allowed Domain: 
          </strong>
          You can add domains if you wish to allow consultants or contractors from other organisation domains to be a part of your 360-degree feedback and performance review processes
        </span>
      </div>
    </div>
  </main>
</div>
`;
